SQL> SELECT ENAME, HIERDATE, LPAD(SAL, 6, 0) SAL, RPAD(SAL, 6, 0) SAL
  2  FROM EMP
  3  WHERE SUBSTR(HIREDATE, 4, 2) = '12';
SELECT ENAME, HIERDATE, LPAD(SAL, 6, 0) SAL, RPAD(SAL, 6, 0) SAL
              *
ERROR at line 1:
ORA-00904: "HIERDATE": invalid identifier 


SQL> SELECT ENAME, HIREDATE, LPAD(SAL, 6, 0) SAL, RPAD(SAL, 6, 0) SAL
  2  WHERE SUBSTR(HIREDATE, 4, 2) = '12';
WHERE SUBSTR(HIREDATE, 4, 2) = '12'
*
ERROR at line 2:
ORA-00923: FROM keyword not found where expected 


SQL> SELECT ENAME, HIREDATE, LPAD(SAL, 6, 0) SAL, RPAD(SAL, 6, 0) SAL
  2  FROM EMP
  3  WHERE SUBSTR(HIREDATE, 4, 2) = '12';

ENAME                HIREDATE SAL                                               
-------------------- -------- ------------------------------------------------  
SAL                                                                             
------------------------------------------------                                
SMITH                80/12/17 000800                                            
800000                                                                          
                                                                                
JAMES                81/12/03 000950                                            
950000                                                                          
                                                                                
FORD                 81/12/03 003000                                            
300000                                                                          
                                                                                

SQL> SELECT 01 FROM DUAL;

        01                                                                      
----------                                                                      
         1                                                                      

SQL> SELECT SYSDATE - '99/01/01'
  2  FROM DUAL;
SELECT SYSDATE - '99/01/01'
                 *
ERROR at line 1:
ORA-01722: invalid number 


SQL> SELECT SYSDATE - TO_DATE'99/01/01'
  2  SELECT SYSDATE - TO_DATE'99/01/01'
  3  
SQL> SELECT SYSDATE - TO_DATE('99/01/01')
  2  FROM DUAL;

SYSDATE-TO_DATE('99/01/01')                                                     
---------------------------                                                     
                 7994.69432                                                     

SQL> SELECT SYSDATE
  2  FROM DUAL;

SYSDATE                                                                         
--------                                                                        
20/11/20                                                                        

SQL> SELECT SYSDATE, TO_CHAR(SYSDATE, 'cc yyyy/mm/dd')
  2  from emp;

SYSDATE  TO_CHAR(SYSDATE,'CCYYYY/MM                                             
-------- --------------------------                                             
20/11/20 21 2020/11/20                                                          
20/11/20 21 2020/11/20                                                          
20/11/20 21 2020/11/20                                                          
20/11/20 21 2020/11/20                                                          
20/11/20 21 2020/11/20                                                          
20/11/20 21 2020/11/20                                                          
20/11/20 21 2020/11/20                                                          
20/11/20 21 2020/11/20                                                          
20/11/20 21 2020/11/20                                                          
20/11/20 21 2020/11/20                                                          
20/11/20 21 2020/11/20                                                          

SYSDATE  TO_CHAR(SYSDATE,'CCYYYY/MM                                             
-------- --------------------------                                             
20/11/20 21 2020/11/20                                                          

12 rows selected.

SQL> SELECT SYSDATE, TO_CHAR(SYSDATE, 'cc yyyy/mm/dd - hh24 : mi : ss')
  2  from dual;

SYSDATE  TO_CHAR(SYSDATE,'CCYYYY/MM/DD-HH24:MI:SS')                             
-------- --------------------------------------------------------               
20/11/20 21 2020/11/20 - 16 : 47 : 59                                           

SQL> SELECT ENAME, SAL
  2  FROM EMP;

ENAME                       SAL                                                 
-------------------- ----------                                                 
SMITH                       800                                                 
ALLEN                      1600                                                 
WARD                       1250                                                 
JONES                      2975                                                 
MARTIN                     1250                                                 
BLAKE                      2850                                                 
CLARK                      2450                                                 
KING                       5000                                                 
TURNER                     1500                                                 
JAMES                       950                                                 
FORD                       3000                                                 

ENAME                       SAL                                                 
-------------------- ----------                                                 
MILLER                     1300                                                 

12 rows selected.

SQL> SELECT ENAME, SAL, LPAD(SAL, 6, '*')
  2  FROM EMP;

ENAME                       SAL LPAD(SAL,6,'*')                                 
-------------------- ---------- ------------------------------------------------
SMITH                       800 ***800                                          
ALLEN                      1600 **1600                                          
WARD                       1250 **1250                                          
JONES                      2975 **2975                                          
MARTIN                     1250 **1250                                          
BLAKE                      2850 **2850                                          
CLARK                      2450 **2450                                          
KING                       5000 **5000                                          
TURNER                     1500 **1500                                          
JAMES                       950 ***950                                          
FORD                       3000 **3000                                          

ENAME                       SAL LPAD(SAL,6,'*')                                 
-------------------- ---------- ------------------------------------------------
MILLER                     1300 **1300                                          

12 rows selected.

SQL> SELECT ENAME, SAL, LPAD(SAL, 6, '*'), TO_CHAR(SAL, '$999,999.99')
  2  FROM EMP;

ENAME                       SAL LPAD(SAL,6,'*')                                 
-------------------- ---------- ------------------------------------------------
TO_CHAR(SAL,'$999,999.99                                                        
------------------------                                                        
SMITH                       800 ***800                                          
     $800.00                                                                    
                                                                                
ALLEN                      1600 **1600                                          
   $1,600.00                                                                    
                                                                                
WARD                       1250 **1250                                          
   $1,250.00                                                                    
                                                                                

ENAME                       SAL LPAD(SAL,6,'*')                                 
-------------------- ---------- ------------------------------------------------
TO_CHAR(SAL,'$999,999.99                                                        
------------------------                                                        
JONES                      2975 **2975                                          
   $2,975.00                                                                    
                                                                                
MARTIN                     1250 **1250                                          
   $1,250.00                                                                    
                                                                                
BLAKE                      2850 **2850                                          
   $2,850.00                                                                    
                                                                                

ENAME                       SAL LPAD(SAL,6,'*')                                 
-------------------- ---------- ------------------------------------------------
TO_CHAR(SAL,'$999,999.99                                                        
------------------------                                                        
CLARK                      2450 **2450                                          
   $2,450.00                                                                    
                                                                                
KING                       5000 **5000                                          
   $5,000.00                                                                    
                                                                                
TURNER                     1500 **1500                                          
   $1,500.00                                                                    
                                                                                

ENAME                       SAL LPAD(SAL,6,'*')                                 
-------------------- ---------- ------------------------------------------------
TO_CHAR(SAL,'$999,999.99                                                        
------------------------                                                        
JAMES                       950 ***950                                          
     $950.00                                                                    
                                                                                
FORD                       3000 **3000                                          
   $3,000.00                                                                    
                                                                                
MILLER                     1300 **1300                                          
   $1,300.00                                                                    
                                                                                

12 rows selected.

SQL> SELECT ENAME, SAL, LPAD(SAL, 6, '*'), TO_CHAR(SAL, 'L999,999.99')
  2  FROM EMP;

ENAME                       SAL LPAD(SAL,6,'*')                                 
-------------------- ---------- ------------------------------------------------
TO_CHAR(SAL,'L999,999.99')                                                      
------------------------------------------                                      
SMITH                       800 ***800                                          
            ЈЬ800.00                                                            
                                                                                
ALLEN                      1600 **1600                                          
          ЈЬ1,600.00                                                            
                                                                                
WARD                       1250 **1250                                          
          ЈЬ1,250.00                                                            
                                                                                

ENAME                       SAL LPAD(SAL,6,'*')                                 
-------------------- ---------- ------------------------------------------------
TO_CHAR(SAL,'L999,999.99')                                                      
------------------------------------------                                      
JONES                      2975 **2975                                          
          ЈЬ2,975.00                                                            
                                                                                
MARTIN                     1250 **1250                                          
          ЈЬ1,250.00                                                            
                                                                                
BLAKE                      2850 **2850                                          
          ЈЬ2,850.00                                                            
                                                                                

ENAME                       SAL LPAD(SAL,6,'*')                                 
-------------------- ---------- ------------------------------------------------
TO_CHAR(SAL,'L999,999.99')                                                      
------------------------------------------                                      
CLARK                      2450 **2450                                          
          ЈЬ2,450.00                                                            
                                                                                
KING                       5000 **5000                                          
          ЈЬ5,000.00                                                            
                                                                                
TURNER                     1500 **1500                                          
          ЈЬ1,500.00                                                            
                                                                                

ENAME                       SAL LPAD(SAL,6,'*')                                 
-------------------- ---------- ------------------------------------------------
TO_CHAR(SAL,'L999,999.99')                                                      
------------------------------------------                                      
JAMES                       950 ***950                                          
            ЈЬ950.00                                                            
                                                                                
FORD                       3000 **3000                                          
          ЈЬ3,000.00                                                            
                                                                                
MILLER                     1300 **1300                                          
          ЈЬ1,300.00                                                            
                                                                                

12 rows selected.

SQL> SELECT 123, TO_CHAR(123, '0999')
  2  FROM EMP;

       123 TO_CHAR(12                                                           
---------- ----------                                                           
       123  0123                                   РПаЎ±б                >  юя	                         юяяя    юяяя        яяяяяяяяяяяяяяяяяяяяяяяяяяяяяяяяяяяяяяяяяяяяяяяяяяяяяяяяяяяяяяяяяяяяяяяяяяяяяяяяяяяяяяяяяяяяяяяяяяяяяяяяяяяяяяяяяяяяяяяяяяяяяяяяяяяяяяяяяяяяяяяяяяяяяяяяяяяяяяяяяяяяяяяяяяяяяяяяяяяяяяяяяяяяяяяяяяяяяяяяяяяяяяяяяяяяяяяяяяяяяяяяяяяяяяяяяяяяяяяяяяяяяяяяяяяяяяяяяяяяяяяяяяяяяяяяяяяяяяяяяяяяяяяяяяяяяяяяяяяяяяяяяяяяяяяяяяяяяяяяяяяяяяяяяяяяяяяяяяяяяяяяяяяяяяяяяяяяяяяяяяяяяяяяяяяяяяяяяяяяяяяяяяяяяяяяяяяяяяяяяяяяяяяяяяяяяяяяяяяяяяяяяяяяяяяяэяяяюяяяяяяяяяяяяяяяяяяяяяяяяяяяяяяяяяяяяяяяяяяяяяяяяяяяяяяяяяяяяяяяяяяяяяяяяяяяяяяяяяяяяяяяяяяяяяяяяяяяяяяяяяяяяяяяяяяяяяяяяяяяяяяяяяяяяяяяяяяяяяяяяяяяяяяяяяяяяяяяяяяяяяяяяяяяяяяяяяяяяяяяяяяяяяяяяяяяяяяяяяяяяяяяяяяяяяяяяяяяяяяяяяяяяяяяяяяяяяяяяяяяяяяяяяяяяяяяяяяяяяяяяяяяяяяяяяяяяяяяяяяяяяяяяяяяяяяяяяяяяяяяяяяяяяяяяяяяяяяяяяяяяяяяяяяяяяяяяяяяяяяяяяяяяяяяяяяяяяяяяяяяяяяяяяяяяяяяяяяяяяяяяяяяяяяяяяяяяяяяяяяяяяяяяяяяяяяяяяяяяяяяяяяяяяяяяяяяяяяяяяяяяяяяяяяяяяяяяяяяяяяяяяяяяяяяяяяяяяяяяяяяяяяяяяяяяяяяяяяяяяяяяяяяR o o t   E n t r y                                               яяяяяяяяяяяя                                    юяяя                                                                            яяяяяяяяяяяя                                                                                                                    яяяяяяяяяяяя                                                                                                                    яяяяяяяяяяяя                                                                                                                                                                                                                                                                                                                                                                                                                                                                                                                                                                                                                                                                                                                                                                                                                                                                                                                                                                                                                                                                                                                                                                                                                                                                                                                                                                                                                                                                                                                                                                                                                                                                                                                                                                                                                                                                                                                                                                                                                                                                                                                                                                                                                                                                                                                                                                                                                                                                                                                                                                                                                                                                                                                РПаЎ±б                >  юя	                         юяяя    юяяя        яяяяяяяяяяяяяяяяяяяяяяяяяяяяяяяяяяяяяяяяяяяяяяяяяяяяяяяяяяяяяяяяяяяяяяяяяяяяяяяяяяяяяяяяяяяяяяяяяяяяяяяяяяяяяяяяяяяяяяяяяяяяяяяяяяяяяяяяяяяяяяяяяяяяяяяяяяяяяяяяяяяяяяяяяяяяяяяяяяяяяяяяяяяяяяяяяяяяяяяяяяяяяяяяяяяяяяяяяяяяяяяяяяяяяяяяяяяяяяяяяяяяяяяяяяяяяяяяяяяяяяяяяяяяяяяяяяяяяяяяяяяяяяяяяяяяяяяяяяяяяяяяяяяяяяяяяяяяяяяяяяяяяяяяяяяяяяяяяяяяяяяяяяяяяяяяяяяяяяяяяяяяяяяяяяяяяяяяяяяяяяяяяяяяяяяяяяяяяяяяяяяяяяяяяяяяяяяяяяяяяяяяяяяяяяяяэяяяюяяяяяяяяяяяяяяяяяяяяяяяяяяяяяяяяяяяяяяяяяяяяяяяяяяяяяяяяяяяяяяяяяяяяяяяяяяяяяяяяяяяяяяяяяяяяяяяяяяяяяяяяяяяяяяяяяяяяяяяяяяяяяяяяяяяяяяяяяяяяяяяяяяяяяяяяяяяяяяяяяяяяяяяяяяяяяяяяяяяяяяяяяяяяяяяяяяяяяяяяяяяяяяяяяяяяяяяяяяяяяяяяяяяяяяяяяяяяяяяяяяяяяяяяяяяяяяяяяяяяяяяяяяяяяяяяяяяяяяяяяяяяяяяяяяяяяяяяяяяяяяяяяяяяяяяяяяяяяяяяяяяяяяяяяяяяяяяяяяяяяяяяяяяяяяяяяяяяяяяяяяяяяяяяяяяяяяяяяяяяяяяяяяяяяяяяяяяяяяяяяяяяяяяяяяяяяяяяяяяяяяяяяяяяяяяяяяяяяяяяяяяяяяяяяяяяяяяяяяяяяяяяяяяяяяяяяяяяяяяяяяяяяяяяяяяяяяяяяяяяяяяяяяяR o o t   E n t r y                                               яяяяяяяяяяяя                                    юяяя                                                                            яяяяяяяяяяяя                                                                                                                    яяяяяяяяяяяя                                                                                                                    яяяяяяяяяяяя                                                                                                                                                                                                                                                                                                                                                                                                                                                                                                                                                                                                                                                                                                                                                                                                                                                                                                                                                                                                                                                                                                                                                                                                                                                                                                                                                                                                                                                                                                                                                                                                                                                                                                                                                                                                                                                                                                                                                                                                                                                                                                                                                                                                                                                                                                                                                                                                                                                                                                                                                                                                                                                                                                                0\r§mыь   @   :	:.    95FC5B40EF3B2A78D5D86CB8E4BFD171110153EB390CFFA53771E6E58F6BE797    хЦ2щТЮА°[Bўг	 ­O,С  и“ \Еr       Ђ(     Ь  X  h  Ђ*  ш  а  ь     ь  ш  а  и        м  и    „%    и     ј  Р  ф  d  „  ь  ф  ф  ь  ь  р  а  а  Ш  м     ь  ф  ш  ш  Ь  ш  р  ь  а  X  ь     ґ  ш  ш  ф  ф  Ф    ¤   	  ф  д  р  р  Ь  ь     д     Ь  и  р  ь  T  р  Ф  и  ш  @  Д        ф  м  м  м     И  и  м  ј  ь  Р  ш  ф  ь  д  а  ш  М  Ь  и  Ь  ф  М  ь  р  ш  
     ь  ф  м  ь  ¤  м     ф  д  а  и  \  ф  м  м  Ь     ф  ¤  Ш  ш  И  p  м  ф  d     ш  ь  м  ь  м  ф     Њ  ш        ф  L  ь  ф  x  м  а  (  д        м  ь     р  М  м  ш     а  р  Ё  и  и  Ь  Њ	  ш  р  h  д  ш  „  ь  М    м  њ  ф     М  Ш  $  д  м  ь  ,  а  ф  Ь  °        Ф     м  ф    ь  ь  ь  р  ш  ф  ф  ь  „  ф  м     ш  р  P  ь  ђ	  Ш  ђ  Ь	  а  м     и  р  и  ш  ь  д        д     ¤  ф  а  Д  и  Р  ф  и  р  Ф     ь     <  р  ь  Ђ  Ф  ь     Ш  м  М  Д  р     ф     ф  ь  Д  р  Ш  ¤  Д  м  д  8 Ђ   Ђ   Ђ   Ђ(SЁ`ѕ7  aL`¬  QcтeЋV   window  QPВшл   webpackJsonpQb
/ђс   pushщ`   L`   ‘`    Ma      `    ‘`   YL`Ё  ѓE`    ‚Eb            ЂE`    Ea        E`    E`    ѓE`    Ea        E`    E`    ‚E`    ЂE`    ЂE`    ЃE`    ЃEb            ЂE`    ЂE`    ЃEa        ‰E`    E`    ЃE`    Ea        ‚E`    ЂEa        ЂEa        ѓE`    E`    E`    …E`    …E`    ЃEa        ЃE`    …E`    ‰E`    Ea        „E`    E`    E`    ‚Ea        ЂE`    ЃE`    ЂE`    E`    †E`    E`    ЃE`    ЃEc                ЂEa        …E`    †E`    ЃE`    ѓEa        Eb            E`    €Eb            ‚Ea        …E`    Ea        „E`    „E`    ЂE`    E`    E`    ‡E`    ЂEa        ѓEa        ѓE`    Ec                ‡E`    ЌEa        ЂEa        „E`    E`    ЂE`    E`    €Ea        ‹E`    …Ea        ЂE`    Ea        ‡Ed                    ЃE`    †E`    Ea        ЃEa        ‹E`    ЋE`    E`    ЂEa        ЃE`    E`    „E`    „Ec                ‚E`    ‹Eb            Ea        E`    E`    ѓEa        ѓE`    ЌEi                                        ‚Ea        ЂE`    ЃE`    (Eb             El                                                    ЂE`    ‰Ea        ЂE`    ЃEc                Ec                ЃE`    Ea        Ec                „Ea        lE`    Es                                                                                ЂE`    DE`    E`    ЃE`    E`    €Ea        ђEw                                                                                                ЂEf                            ЂE`    ‚Ee                        E`  